<html>
<body>
<pre>
<h1>µVision Build Log</h1>
<h2>Project:</h2>
E:\139\keil_test_stacksize\stack_size.uvproj
Project File Date:  04/25/2014

<h2>Output:</h2>
Build target 'Target 1'
assembling startup_LPC17xx.s...
compiling main.c...
main.c(3): warning:  #223-D: function "SystemClockUpdate" declared implicitly
main.c(4): warning:  #223-D: function "Init_CRunCtrl" declared implicitly
main.c(5): warning:  #223-D: function "Debug" declared implicitly
main.c(8): warning:  #223-D: function "do_CRunCtrl" declared implicitly
linking...
stack_size.axf: Error: L6218E: Undefined symbol SystemInit (referred from startup_lpc17xx.o).
stack_size.axf: Error: L6218E: Undefined symbol Debug (referred from main.o).
stack_size.axf: Error: L6218E: Undefined symbol Init_CRunCtrl (referred from main.o).
stack_size.axf: Error: L6218E: Undefined symbol SystemClockUpdate (referred from main.o).
stack_size.axf: Error: L6218E: Undefined symbol do_CRunCtrl (referred from main.o).
Target not created
Build target 'Target 1'
compiling main.c...
linking...
stack_size.axf: Error: L6218E: Undefined symbol SystemInit (referred from startup_lpc17xx.o).
Target not created
Build target 'Target 1'
compiling main.c...
main.c(3): warning:  #223-D: function "SystemClockUpdate" declared implicitly
linking...
stack_size.axf: Error: L6218E: Undefined symbol SystemInit (referred from startup_lpc17xx.o).
stack_size.axf: Error: L6218E: Undefined symbol SystemClockUpdate (referred from main.o).
Target not created
Build target 'Target 1'
compiling system_LPC17xx.c...
linking...
Program Size: Code=932 RO-data=400 RW-data=4 ZI-data=612  
"stack_size.axf" - 0 Error(s), 0 Warning(s).
Build target 'Target 1'
assembling startup_LPC17xx.s...
linking...
Program Size: Code=932 RO-data=400 RW-data=4 ZI-data=1124  
"stack_size.axf" - 0 Error(s), 0 Warning(s).
Build target 'Target 1'
assembling startup_LPC17xx.s...
linking...
Program Size: Code=932 RO-data=400 RW-data=4 ZI-data=3940  
"stack_size.axf" - 0 Error(s), 0 Warning(s).
Build target 'Target 1'
assembling startup_LPC17xx.s...
linking...
stack_size.axf: Error: L6406E: No space in execution regions with .ANY selector matching startup_lpc17xx.o(STACK).
stack_size.axf: Error: L6407E: Sections of aggregate size 0xff00 bytes could not fit into .ANY selector(s).
Target not created
Build target 'Target 1'
assembling startup_LPC17xx.s...
linking...
Program Size: Code=932 RO-data=400 RW-data=4 ZI-data=8036  
"stack_size.axf" - 0 Error(s), 0 Warning(s).
Build target 'Target 1'
assembling startup_LPC17xx.s...
linking...
stack_size.axf: Error: L6406E: No space in execution regions with .ANY selector matching startup_lpc17xx.o(STACK).
stack_size.axf: Error: L6407E: Sections of aggregate size 0x11f00 bytes could not fit into .ANY selector(s).
Target not created
Build target 'Target 1'
assembling startup_LPC17xx.s...
linking...
stack_size.axf: Error: L6406E: No space in execution regions with .ANY selector matching startup_lpc17xx.o(STACK).
stack_size.axf: Error: L6407E: Sections of aggregate size 0x10000 bytes could not fit into .ANY selector(s).
Target not created
Build target 'Target 1'
assembling startup_LPC17xx.s...
linking...
stack_size.axf: Error: L6406E: No space in execution regions with .ANY selector matching startup_lpc17xx.o(STACK).
stack_size.axf: Error: L6407E: Sections of aggregate size 0xef00 bytes could not fit into .ANY selector(s).
Target not created
Build target 'Target 1'
assembling startup_LPC17xx.s...
linking...
stack_size.axf: Error: L6406E: No space in execution regions with .ANY selector matching startup_lpc17xx.o(STACK).
stack_size.axf: Error: L6407E: Sections of aggregate size 0xee00 bytes could not fit into .ANY selector(s).
Target not created
Build target 'Target 1'
assembling startup_LPC17xx.s...
linking...
stack_size.axf: Error: L6406E: No space in execution regions with .ANY selector matching startup_lpc17xx.o(STACK).
stack_size.axf: Error: L6407E: Sections of aggregate size 0x9e00 bytes could not fit into .ANY selector(s).
Target not created
Build target 'Target 1'
assembling startup_LPC17xx.s...
linking...
Program Size: Code=932 RO-data=400 RW-data=4 ZI-data=28260  
"stack_size.axf" - 0 Error(s), 0 Warning(s).
Build target 'Target 1'
linking...
Program Size: Code=932 RO-data=400 RW-data=4 ZI-data=28260  
"stack_size.axf" - 0 Error(s), 0 Warning(s).
Build target 'Target 1'
assembling startup_LPC17xx.s...
linking...
stack_size.axf: Error: L6406E: No space in execution regions with .ANY selector matching startup_lpc17xx.o(STACK).
stack_size.axf: Error: L6407E: Sections of aggregate size 0xfe00 bytes could not fit into .ANY selector(s).
Target not created
Build target 'Target 1'
assembling startup_LPC17xx.s...
linking...
stack_size.axf: Error: L6406E: No space in execution regions with .ANY selector matching startup_lpc17xx.o(STACK).
stack_size.axf: Error: L6407E: Sections of aggregate size 0xee00 bytes could not fit into .ANY selector(s).
Target not created
Build target 'Target 1'
assembling startup_LPC17xx.s...
linking...
stack_size.axf: Error: L6406E: No space in execution regions with .ANY selector matching startup_lpc17xx.o(STACK).
stack_size.axf: Error: L6407E: Sections of aggregate size 0xae00 bytes could not fit into .ANY selector(s).
Target not created
Build target 'Target 1'
assembling startup_LPC17xx.s...
linking...
Program Size: Code=932 RO-data=400 RW-data=4 ZI-data=3684  
"stack_size.axf" - 0 Error(s), 0 Warning(s).
Build target 'Target 1'
assembling startup_LPC17xx.s...
linking...
stack_size.axf: Error: L6406E: No space in execution regions with .ANY selector matching startup_lpc17xx.o(STACK).
stack_size.axf: Error: L6407E: Sections of aggregate size 0x8e00 bytes could not fit into .ANY selector(s).
Target not created
Build target 'Target 1'
assembling startup_LPC17xx.s...
linking...
Program Size: Code=932 RO-data=400 RW-data=4 ZI-data=32356  
"stack_size.axf" - 0 Error(s), 0 Warning(s).
Build target 'Target 1'
linking...
Program Size: Code=932 RO-data=400 RW-data=4 ZI-data=32356  
"stack_size.axf" - 0 Error(s), 0 Warning(s).
Build target 'Target 1'
assembling startup_LPC17xx.s...
linking...
Program Size: Code=932 RO-data=400 RW-data=4 ZI-data=32612  
"stack_size.axf" - 0 Error(s), 0 Warning(s).
Build target 'Target 1'
assembling startup_LPC17xx.s...
linking...
stack_size.axf: Error: L6406E: No space in execution regions with .ANY selector matching libspace.o(.bss).
stack_size.axf: Error: L6407E: Sections of aggregate size 0x60 bytes could not fit into .ANY selector(s).
Target not created
Build target 'Target 1'
assembling startup_LPC17xx.s...
linking...
stack_size.axf: Error: L6406E: No space in execution regions with .ANY selector matching libspace.o(.bss).
stack_size.axf: Error: L6407E: Sections of aggregate size 0x60 bytes could not fit into .ANY selector(s).
Target not created
Build target 'Target 1'
assembling startup_LPC17xx.s...
linking...
stack_size.axf: Error: L6406E: No space in execution regions with .ANY selector matching libspace.o(.bss).
stack_size.axf: Error: L6407E: Sections of aggregate size 0x60 bytes could not fit into .ANY selector(s).
Target not created
Build target 'Target 1'
assembling startup_LPC17xx.s...
linking...
stack_size.axf: Error: L6406E: No space in execution regions with .ANY selector matching libspace.o(.bss).
stack_size.axf: Error: L6407E: Sections of aggregate size 0x60 bytes could not fit into .ANY selector(s).
Target not created
Build target 'Target 1'
assembling startup_LPC17xx.s...
linking...
stack_size.axf: Error: L6406E: No space in execution regions with .ANY selector matching system_lpc17xx.o(.data).
stack_size.axf: Error: L6407E: Sections of aggregate size 0x4 bytes could not fit into .ANY selector(s).
Target not created
Build target 'Target 1'
assembling startup_LPC17xx.s...
linking...
Program Size: Code=932 RO-data=400 RW-data=4 ZI-data=32740  
"stack_size.axf" - 0 Error(s), 0 Warning(s).
Build target 'Target 1'
linking...
Program Size: Code=932 RO-data=400 RW-data=4 ZI-data=32740  
"stack_size.axf" - 0 Error(s), 0 Warning(s).
Build target 'Target 1'
assembling startup_LPC17xx.s...
linking...
Program Size: Code=932 RO-data=400 RW-data=4 ZI-data=32772  
"stack_size.axf" - 0 Error(s), 0 Warning(s).
Build target 'Target 1'
linking...
stack_size.axf: Error: L6406E: No space in execution regions with .ANY selector matching system_lpc17xx.o(.data).
stack_size.axf: Error: L6407E: Sections of aggregate size 0x4 bytes could not fit into .ANY selector(s).
Target not created
Build target 'Target 1'
linking...
stack_size.axf: Error: L6406E: No space in execution regions with .ANY selector matching system_lpc17xx.o(.data).
stack_size.axf: Error: L6407E: Sections of aggregate size 0x4 bytes could not fit into .ANY selector(s).
Target not created
Build target 'Target 1'
assembling startup_LPC17xx.s...
linking...
Program Size: Code=932 RO-data=400 RW-data=4 ZI-data=32756  
"stack_size.axf" - 0 Error(s), 0 Warning(s).
